---
source: zeta-code/tui/src/app/fullscreen/pointer_tests.rs
expression: text
---
  ≡ .                      [Dashboard]  
                                        
                                        
                                        
                                        
  ────────────────────────────────────  
  /quit                      quit Zeta  
  ╭──────────────────────────────────╮  
  │ > /q                             │  
  ╰──────────────── Automatic model ─╯  
                                        
  Enter send · shift+tab permissions
