---
source: zeta-code/tui/src/app/fullscreen/header_tests.rs
expression: text
---
  ≡ main /work/zeta                                                             
                                                                                
                                                                                
                                                                                
                                                                                
                                                                                
                                                                                
                                                                                
                                                                                
                                                                                
                                                                                
                                                                                
                                                                                
                                                                                
  ⏸ ask permissions on                                                          
  ╭──────────────────────────────────────────────────────────────────────────╮  
  │ >                                                                        │  
  ╰──────────────────────────────────────────────────────── Automatic model ─╯  
                                                                                
  Enter send  ·  shift+tab permissions  ·  /home
