---
source: zeta-code/tui/src/app/fullscreen/modal_tests.rs
expression: frame_text(&app)
---
  ≡ .                                                                          [— / —] [Dashboard]  
                                                                                                    
                                                                                                    
                                                                                                    
                                                                                                    
                                                                                                    
                                                                                                    
                                                                                                    
                                                                                                    
                                                                                                    
                                                                                                    
                                                                                                    
                                                                                                    
                                                                                                    
                                                                                                    
                                                                                                    
                                                                                                    
                                                                                                    
                                                                                                    
                                                                                                    
                                                                                                    
                                                                                                    
                                                                                                    
                                                                                                    
  ⏸ ask permissions on                                                                              
  ╭──────────────────────────────────────────────────────────────────────────────────────────────╮  
  │ > preserved draft                                                                            │  
  ╰──────────────────────────────────────────────────────────────────────────── Automatic model ─╯  
                                                                                                    
  Enter send  ·  / commands
