---
source: zeta-code/tui/src/app/fullscreen/pointer_tests.rs
expression: text
---
  ≡ .               [+]                [— / —] [Dashboard]  
                                                            
                                                            
                                                            
                                                            
                                                            
                                                            
                                                            
                                                            
                                                            
                               Copied 7 chars to clipboard  
  ╭──────────────────────────────────────────────────────╮  
  │ > copy me                                            │  
  ╰──────────────────────────────────── Automatic model ─╯  
                                                            
  Enter send  ·  shift+tab permissions  ·  /home
