---
source: zeta-code/tui/src/app/fullscreen/frame_tests.rs
expression: "render(&app, 100, 18)"
---
  ≡ .                                                                          [— / —] [Dashboard]  
                                                                                                    
            ┌── Model ────────────────────────────────────────────────────────────[✗]─┐             
            │                                                                         │             
            │   Favorites    My gateway                                               │             
            │                                                                         │             
            │  gateway-model                                                          │             
            │                                                                         │             
            │                                                                         │             
            │                                                                         │             
            │                                                                         │             
            │                                                                         │             
            │                                                                         │             
  ╭─────────│                                                                         │──────────╮  
  │ > Build │  Tab/Shift+Tab to switch · Enter to return · Esc to close               │          │  
  ╰─────────└─────────────────────────────────────────────────────────────────────────┘ic model ─╯
