---
source: zeta-code/tui/src/app/fullscreen/frame_tests.rs
expression: visible
---
  .                                                                                                [— / —] [Dashboard]  
                                                                                                                        
                                                                                                                        
                                                                                                                        
                                                                                                                        
                                                                                                                        
                                                                                                                        
                                                                                                                        
                                                                                                                        
                                                                                                                        
                                                                                                                        
                                                                                                                        
                                                                                                                        
                                                                                                                        
  ⏸ current: ask permissions on · ⏩  next: auto review on                                    shift+tab to cycle policy  
  ╭──────────────────────────────────────────────────────────────────────────────────────────────────────────────────╮  
  │ >                                                                                                                │  
  ╰──────────────────────────────────────────────────────────────────────────────────────────────── Automatic model ─╯  
                                                                                                                        
  Enter send  ·  shift+tab permissions  ·  /home
