---
source: zeta-code/tui/src/app/fullscreen/frame_tests.rs
expression: rendered_after_paste
---
  ≡ .                                                      [— / —] [Dashboard]  
                                                                                
                                                                                
                                                                                
                                                                                
                                                                                
                                                                                
                                                                                
                                                                                
                                                                                
                                                                                
                                                                                
                                                                                
                                                                                
  ⏸ ask permissions on                                                          
  ╭──────────────────────────────────────────────────────────────────────────╮  
  │ > [Image #1]                                                             │  
  ╰──────────────────────────────────────────────────────── Automatic model ─╯  
                                                                                
  Enter send  ·  shift+tab permissions  ·  /home
