---
source: zeta-code/tui/src/app/fullscreen/frame_tests.rs
expression: "render(&app, 100, 20)"
---
                                                                                                    
    ▄  ▄     Zeta Code v0.1.0                                                                       
  ▗█▛██▜█▖   Automatic model · Access unknown                                                       
  ▝▜████▛▘   .                                                                                      
    ▝  ▘                                                                                            
                                                                                                    
                                                                                                    
                                                                                                    
                                                                                                    
                                                                                                    
                                                                                                    
                                                                                                    
                                                                                                    
                                                                                                    
                                                                                                    
────────────────────────────────────────────────────────────────────────────────────────────────────
>                                                                                                   
────────────────────────────────────────────────────────────────────────────────────────────────────
                                                                                                    
  ⏸ ask permissions on
