---
source: zeta-code/tui/src/app/fullscreen/pointer_tests.rs
expression: text
---
  ≡ .                                                       
                                                            
                                                            
                                                            
                                                            
                                                            
                                                            
                                                            
                                                            
                                                            
                               Copied 7 chars to clipboard  
  ╭──────────────────────────────────────────────────────╮  
  │ > copy me                                            │  
  ╰──────────────────────────────────── Automatic model ─╯  
                                                            
  Enter send                          ⏸ ask permissions on
