---
source: zeta-code/tui/src/app/fullscreen/home_tests.rs
expression: "text(&render(&app, 80, 24))"
---
  Home  .                                                                       
                                                                                
  ╭──────────────────────────────────────────────────────────────────────────╮  
  │                                                                          │  
  │    ▄  ▄      Zeta Code v0.1.0                                            │  
  │  ▗█▛██▜█▖                                                                │  
  │  ▝▜████▛▘    Start a task below, or continue a previous session.         │  
  │    ▝  ▘                                                                  │  
  │              Resume session                                              │  
  │              Manage sessions                                             │  
  │              Settings                                                    │  
  │              Help and shortcuts                                          │  
  │              Quit                                                        │  
  │                                                                          │  
  ╰──────────────────────────────────────────────────────────────────────────╯  
                                                                                
                                                                                
  Could not create session                                                      
  ╭────────────────────────────────────────────────────────────────────────────╮
> │[Pasted Content 1500 chars]                                                 │
  ╰────────────────────────────────────────────────────────── Automatic model ─╯
                                                                                
  ⏸ ask permissions on                                                          
  Enter send  ·  Tab actions  ·  / commands
