---
source: zeta-code/tui/src/app/fullscreen/modal_tests.rs
expression: frame_text(&app)
---
  ≡ .                                                                                               
                                                                                                    
  ╭──────────────────────────────────────────────────────────────────────────────────────────────╮  
  │                                                                                              │  
  │    ▄  ▄      Zeta Code v0.1.0                                                                │  
  │  ▗█▛██▜█▖                                                                                    │  
  │  ▝▜████▛▘    Start a task below, or continue a previous session.                             │  
  │    ▝  ▘                                                                                      │  
  │              Resume session                                                                  │  
  │              Manage sessions                                                                 │  
  │              Settings                                                                        │  
  │              Help and shortcuts                                                              │  
  │              Quit                                                                            │  
  │                                                                                              │  
  ╰──────────────────────────────────────────────────────────────────────────────────────────────╯  
                                                                                                    
                                                                                                    
                                                                                                    
                                                                                                    
                                                                                                    
                                                                                                    
                                                                                                    
                                                                                                    
                                                                                                    
  Type a new task · Tab actions · Esc return                                                        
  ╭──────────────────────────────────────────────────────────────────────────────────────────────╮  
  │ > preserved draft                                                                            │  
  ╰──────────────────────────────────────────────────────────────────────────── Automatic model ─╯  
                                                                                                    
  Enter send  ·  Tab actions  ·  / commands                                   ⏸ ask permissions on
