---
source: zeta-code/tui/src/app/fullscreen/frame_tests.rs
expression: working
---
  Home  .                                                                       
                                                                                
                                                                                
                                                                                
                                                                                
                                                                                
                                                                                
                                                                                
                                                                                
                                                                                
                                                                                
                                                                                
⠋ Working · 0m 00s total · ctrl+c to interrupt                                  
                                                               Copied 42 chars  
  ╭────────────────────────────────────────────────────────────────────────────╮
> │                                                                            │
  ╰────────────────────────────────────────────────────────── Automatic model ─╯
                                                                                
  ⏸ ask permissions on                                                          
  Enter queue  ·  shift+tab permissions  ·  /home
