---
source: zeta-code/tui/src/app/fullscreen/frame_tests.rs
expression: rendered
---
  Home  .                                                                       
                                                                                
                                                                                
                                                                                
                                                                                
                                                                                
                                                                                
                                                                                
                                                                                
                                                                                
                                                                                
                                                                                
                                                                                
                                          image in clipboard · ctrl+v to paste  
  ╭────────────────────────────────────────────────────────────────────────────╮
> │                                                                            │
  ╰────────────────────────────────────────────────────────── Automatic model ─╯
                                                                                
  ⏸ ask permissions on                                                          
  Enter send  ·  shift+tab permissions  ·  /home
