---
source: zeta-code/tui/src/app/fullscreen/frame_tests.rs
expression: "render(&app, 80, 20)"
---
  Home  .                                                                       
                                                                                
> /start┌── Startup ───────────────────────────────────────────────[×]─┐        
        │                                                              │        
        │> Mode  ·  New                                                │        
        │  Workspace  ·  .                                             │        
        │  Profile  ·  default                                         │        
        │  Connection  ·  Local App Server                             │        
        │                                                              │        
        │                                                              │        
        │                                                              │        
        │                                                              │        
        │                                                              │        
        │                                                              │        
  ╭─────│                                                              │───────╮
> │     │                                                              │       │
  ╰─────│  Esc to close                                                │model ─╯
        └──────────────────────────────────────────────────────────────┘
