---
source: zeta-code/tui/src/app/fullscreen/pointer_tests.rs
expression: text
---
  Home  .                               
                                        
                                        
                                        
                                        
  /quit                      quit Zeta  
  ╭────────────────────────────────────╮
> │/q                                  │
  ╰────────────────── Automatic model ─╯
                                        
  ⏸ ask permissions on                  
  Enter send · shift+tab permissions
