---
source: zeta-code/tui/src/app/fullscreen/frame_tests.rs
expression: "render(&app, 100, 20)"
---
  ≡ .                                                                                               
                                                                                                    
            ┌── Config ───────────────────────────────────────────────────────────[X]─┐             
            │                                                                         │             
            │   General    Providers    Language servers    Issues                    │             
            │                                                                         │             
            │  ╭────────────────────────────────────────────────────────────────────╮ │             
            │  │ Search configuration                                               │ │             
            │  ╰────────────────────────────────────────────────────────────────────╯ │             
            │> Auto refresh                                                     Never │             
            │                                                                         │             
            │                                                                         │             
            │                                                                         │             
            │                                                                         │             
            │                                                                         │             
  ╭─────────│                                                                         │──────────╮  
  │ > Build │  Enter/Space to change · Tab/Shift+Tab to switch · Esc to close         │          │  
  ╰─────────└─────────────────────────────────────────────────────────────────────────┘ic model ─╯
