---
source: zeta-code/tui/src/app/fullscreen/modal_tests.rs
expression: frame_text(&app)
---
  ≡ .                                                                                               
                                                                                                    
  ╭──────────────────────────────────────────────────────────────────────────────────────────────╮  
  │         ┌── Memory content ───────────────────────────────────────────────────[X]─┐          │  
  │    ▄  ▄ │                                                                         │          │  
  │  ▗█▛██▜█│  Ctrl+S save · Ctrl+A clear · Esc cancel                                │          │  
  │  ▝▜████▛│  Use Rust                                                               │          │  
  │    ▝  ▘ │  保 留   两 个 空 格                                                          │          │  
  │         │                                                                         │          │  
  │         │                                                                         │          │  
  │         │                                                                         │          │  
  │         │                                                                         │          │  
  │         │                                                                         │          │  
  │         │                                                                         │          │  
  ╰─────────│                                                                         │──────────╯  
            │                                                                         │             
            │                                                                         │             
            │                                                                         │             
            │                                                                         │             
            │                                                                         │             
            │                                                                         │             
            │                                                                         │             
            │                                                                         │             
            │                                                                         │             
            │                                                                         │ Esc return  
  ╭─────────│  Esc to close                                                           │──────────╮  
  │ > backgr└─────────────────────────────────────────────────────────────────────────┘          │  
  ╰──────────────────────────────────────────────────────────────────────────── Automatic model ─╯
