---
source: zeta-code/tui/src/app/fullscreen/home_tests.rs
expression: text(&buffer)
---
  Home  .                                                                                           
                                                                                                    
                                                                                                    
                                                                                                    
  ╭──────────────────────────────────────────────────────────────────────────────────────────────╮  
  │                                                                                              │  
  │    ▄  ▄      Zeta Code v0.1.0                                                                │  
  │  ▗█▛██▜█▖                                                                                    │  
  │  ▝▜████▛▘    Start a task below, or continue a previous session.                             │  
  │    ▝  ▘                                                                                      │  
  │            > Resume session                                                                  │  
  │              Manage sessions                                                                 │  
  │              Settings                                                                        │  
  │              Help and shortcuts                                                              │  
  │              Quit                                                                            │  
  │                                                                                              │  
  ╰──────────────────────────────────────────────────────────────────────────────────────────────╯  
                                                                                                    
                                                                                                    
                                                                                                    
                                                                                                    
                                                                                                    
                                                                                                    
  Type a task to begin, or use Tab to choose an action.                                             
  ╭────────────────────────────────────────────────────────────────────────────────────────────────╮
> │                                                                                                │
  ╰────────────────────────────────────────────────────────────────────────────── Automatic model ─╯
                                                                                                    
  ⏸ ask permissions on                                                                              
  Enter send  ·  Tab actions  ·  / commands
