---
source: zeta-code/tui/src/app/fullscreen/composer_tests.rs
expression: text(&buffer)
---
  ≡ .                                                                           
                                                                                
                                                                                
                                                                                
                                                                                
                                                                                
                                                                                
                                                                                
                                                                                
                                                                                
                                                                                
                                                                                
                                                                                
                                                                                
                                                                                
  ╭──────────────────────────────────────────────────────────────────────────╮  
  │ >                                                                        │  
  ╰──────────────────────────────────────────────────────── Automatic model ─╯  
                                                                                
  Enter send  ·  shift+tab permissions  ·  /home          ⏸ ask permissions on
