---
source: zeta-code/tui/src/app/fullscreen/pointer_tests.rs
expression: text
---
  Home  .                                                   
                                                            
● clipboard unavailable                                     
                                                            
                                                            
                                                            
                                                            
                                                            
                                                            
                                                            
  ╭────────────────────────────────────────────────────────╮
> │copy me                                                 │
  ╰────────────────────────────────────── Automatic model ─╯
                                                            
  ⏸ ask permissions on                                      
  Enter send  ·  shift+tab permissions  ·  /home
