---
source: zeta-code/tui/src/app/fullscreen/frame_tests.rs
expression: "render(&app, 100, 20)"
---
  ≡ .                                                                                               
                                                                                                    
                                                                                                    
                                                                                                    
                                                                                                    
                                                                                                    
                                                                                                    
                                                                                                    
                                                                                                    
                                                                                                    
                                                                                                    
                                                                                                    
                                                                                                    
                                                                                                    
                                                                                                    
  ╭──────────────────────────────────────────────────────────────────────────────────────────────╮  
  │ >                                                                                            │  
  ╰──────────────────────────────────────────────────────────────────────────── Automatic model ─╯  
                                                                                                    
  Enter send  ·  shift+tab permissions  ·  /home                              ⏸ ask permissions on
