---
source: zeta-code/tui/src/app/fullscreen/frame_tests.rs
expression: output
---
─ Custom provider ──────────────────────────────────────────────────────────────────────────────────
                                                                                                    
  Provider name                                                                                     
  ╭──────────────────────────────────────────────────────────────────────────────────────────────╮  
  │ Provider name                                                                                │  
  ╰──────────────────────────────────────────────────────────────────────────────────────────────╯  
> Base URL                                                                                          
  ╭──────────────────────────────────────────────────────────────────────────────────────────────╮  
  │ https://example.com/v1                                                                       │  
  ╰──────────────────────────────────────────────────────────────────────────────────────────────╯  
  API key                                                                                           
  ╭──────────────────────────────────────────────────────────────────────────────────────────────╮  
  │ API key (optional)                                                                           │  
  ╰──────────────────────────────────────────────────────────────────────────────────────────────╯  
                                                                                                    
                                                                                                    
  Enter to edit  ·  Tab/Shift+Tab to move  ·  Esc to return
