---
source: zeta-code/tui/src/app/fullscreen/frame_tests.rs
expression: "render(&app, 100, 20)"
---
  Home  .                                                                                           
                                                                                                    
                                                                                                    
                                                                                                    
                                                                                                    
                                                                                                    
                                                                                                    
                                                                                                    
                                                                                                    
                                                                                                    
                                                                                                    
                                                                                                    
                                                                                                    
                                                                                                    
  ╭─History search: find · ↑/↓ browse · Enter edit · Esc cancel────────────────────────────────────╮
> │find the input history owner                                                                    │
  ╰────────────────────────────────────────────────────────────────────────────── Automatic model ─╯
                                                                                                    
  ⏸ ask permissions on                                                                              
  Enter send  ·  shift+tab permissions  ·  /home
