---
source: ash-code/tui/src/app/fullscreen/home_tests.rs
expression: rendered
---
  .                                                        [— / —] [Dashboard]  
                                                                                
                                                                                
                                                                                
                                                                                
                                                                                
                                                                                
                                                                                
                                                                                
                                                                                
                                                                                
                                                                                
                                                                                
                                                                                
                                                                                
                                                                                
                                                                                
                                                                                
  ⏸ ask permissions on                                                          
  ╭──────────────────────────────────────────────────────────────────────────╮  
  │ > x                                                                      │  
  ╰──────────────────────────────────────────────────────── Automatic model ─╯  
                                                                                
  Enter send  ·  / commands
