---
source: ash-code/tui/src/app/fullscreen/composer_tests.rs
expression: text(&buffer)
---
  .                     
                        
                        
                        
                        
                        
                        
                        
                        
                        
                        
                        
                        
  ⏸ ask permissions on  
  ╭──────────────────╮  
  │ > 检 查 输 入 框 的 留  │  
  │   白 和 换 行 位 置    │  
  ╰─ Automatic mod… ─╯  
                        
  Enter send
