---
source: zeta-code/cli/tests/support/tui_process.rs
assertion_line: 854
expression: screen
---

─ Config ───────────────────────────────────────────────────

   General    Providers    Language servers    Issues
  ╭──────────────────────────────────────────────────────╮
  │ Search configuration                                 │
  ╰──────────────────────────────────────────────────────╯
  Analysis model    Use    Not configured - choose a model
> Auto refresh      Nev    [ ✔ ]
  Auto refresh      5 m    [   ]
  Auto refresh      10     [   ]
  Auto refresh      30     [   ]
  Auto refresh      1 h    [   ]
  Repository workflow and assignment

  Enter/Space to change · Esc to close
