---
source: ash-code/tui/src/app/inline/frame_tests.rs
assertion_line: 93
expression: text(&buffer)
---
                                                                                
────────────────────────────────────────────────────────────────────────────────
> 继续检查终端历史                                                              
────────────────────────────────────────────────────────────────────────────────
                                                                                
  ⏸ ask permissions on
