---
source: ash-code/tui/src/app/inline/output_tests.rs
assertion_line: 122
expression: "text(&render(&app, 60, 24))"
---
● 当前回复                                                  
                                                            
  • 第一项                                                  
  • 第二项                                                  
                                                            
                                                            
────────────────────────────────────────────────────────────
>                                                           
────────────────────────────────────────────────────────────
                                                            
  ⏸ ask permissions on
