---
source: zeta-code/tui/src/thread/rewind/picker_tests.rs
expression: rendered
---
╭──────────────────────────────────────────────────────────────────────────────╮
│ Search message checkpoints                                                   │
╰──────────────────────────────────────────────────────────────────────────────╯
  Before user: Investigate the failure                                          
  After user: Investigate the failure                                           
  Before assistant: I found the cause                                           
  After assistant: I found the cause                                            
  Before tool call: read_file                                                   
> After tool call: read_file                                                    
  Unavailable: user: While a write is running  ·  Write in progress
