---
source: ash-code/tui/src/thread/state_tests.rs
assertion_line: 402
expression: "phases.join(\"\\n\")"
---
0 ms
"● first line            "
"                        "
"                        "
"                        "
"                        "

40 ms
"● first line            "
"  second line           "
"                        "
"                        "
"                        "

80 ms
"● first line            "
"  second line           "
"  third line            "
"                        "
"                        "
