---
source: zeta-code/tui/src/config/openai_tests.rs
assertion_line: 217
expression: output
---
 Official API key    ChatGPT subscription    New custom provider
Provider name
┌──────────────────────────────────────────────────────────────────────────────┐
│ My service                                                                   │
└──────────────────────────────────────────────────────────────────────────────┘
Base URL
┌──────────────────────────────────────────────────────────────────────────────┐
│ https://example.test/v1                                                      │
└──────────────────────────────────────────────────────────────────────────────┘
API key
┌──────────────────────────────────────────────────────────────────────────────┐
│ ••••••••                                                                     │
└──────────────────────────────────────────────────────────────────────────────┘
API protocol
┌──────────────────────────────────────────────────────────────────────────────┐
│ Responses ← / → to change                                                    │
└──────────────────────────────────────────────────────────────────────────────┘
Create provider
