---
source: zeta-code/tui/src/config/openai_tests.rs
assertion_line: 291
expression: output
---
 Official API key
 ChatGPT subscription
 New custom provider
  API key
╭──────────────────────────────────╮
│ ••••••••                         │
╰──────────────────────────────────╯
> API protocol
╭──────────────────────────────────╮
│ Responses ← / → to change        │
╰──────────────────────────────────╯
  Create provider
