---
source: zeta-code/tui/src/status/panel_tests.rs
expression: terminal.backend().to_string()
---
"   Session    Processes                                                         "
"  Local total resident memory:  240.0 MiB                                       "
"  Local observed peak:          260.0 MiB                                       "
"  Local total CPU:              12.4%                                           "
"  1 minute memory change:       +3.0 MiB                                        "
"  5 minute memory change:       -8.0 MiB                                        "
"  TUI resident memory:          140.0 MiB                                       "
"  TUI CPU:                      8.4%                                            "
"  App Server total memory:      100.0 MiB                                       "
"  App Server total CPU:         4.0%                                            "
"  App Server process memory:    40.0 MiB                                        "
"  App Server process CPU:       1.0%                                            "
"  • rust-analyzer (PID 101):    50.0 MiB · 2.5%                                 "
"    • proc-macro-srv (PID 102): 10.0 MiB · 0.5%                                 "
"                                                                                "
