---
source: zeta-code/cli/tests/support/tui_process.rs
expression: screen
---
❯ 请保持流式输出，直到我取消

● turn interrupted取消























                                                                                shift+tab to cycle
────────────────────────────────────────────────────────────────────────────────────────────────────
❯
────────────────────────────────────────────────────────────────────────────────────────────────────
  zeta-real-scenario                                                                      ← agents
  ⏸ ask permissions on
