---
source: zeta-code/cli/tests/support/tui_process.rs
expression: screen
---
> 触发真实 HTTP 500

● Model invocation failed

> 错误以后继续发送

● 错误后仍能继续对话。



















                                                                         shift+tab to cycle policy
────────────────────────────────────────────────────────────────────────────────────────────────────
>
────────────────────────────────────────────────────────────────────────────────────────────────────
  zeta-real-scenario                                                                      ← agents
  ⏸ ask permissions on
