---
source: ash-code/tui/src/app/mode_tests.rs
assertion_line: 111
expression: render(&app)
---
                                                  
                                                  
                                                  
                                                  
                                                  
                                                  
                                                  
                                                  
                                                  
                                                  
                                                  
──────────────────────────────────────────────────
> keep editing this draft                         
──────────────────────────────────────────────────
                                                  
  ⏸ ask permissions on
