---
source: zeta-code/cli/tests/support/tui_process.rs
expression: screen
---
> 首轮：保持运行以便操作队列

● 首轮仍在运行，队列可以编辑。





















  Queue 1: 第二条：应该保留并自动发送 · next
  Queue 2: 第三条：稍后恢复到输入框
                                                                         shift+tab to cycle policy
────────────────────────────────────────────────────────────────────────────────────────────────────
>
────────────────────────────────────────────────────────────────────────────────────────────────────
  zeta-real-scenario
  ⏸ ask permissions on
