---
source: zeta-code/cli/tests/support/tui_process.rs
expression: screen
---
> 首轮：保持运行以便操作队列

● 首轮仍在运行，队列可以编辑。

> /queue




















  Queued message──────────────────────────────────────────────────────────────────────────────────
  Message: 第三条：稍后恢复到输入框



  Esc to close
  Enter view  ·  r restore  ·  d delete  ·  Alt+↑/↓ move  ·  Ctrl+Enter send
