---
source: zeta-code/cli/tests/support/tui_process.rs
expression: screen
---
> 首轮：保持运行以便操作队列

● 首轮仍在运行，队列可以编辑。首轮现在完成。

> 第二条：应该保留并自动发送

● 队列中保留的消息已经发送。



















                                                                         shift+tab to cycle policy
────────────────────────────────────────────────────────────────────────────────────────────────────
> 第三条：稍后恢复到输入框
────────────────────────────────────────────────────────────────────────────────────────────────────
  zeta-real-scenario
  ⏸ ask permissions on
