---
source: zeta-code/tui/src/app/interaction_flow_tests.rs
expression: "render(&app, 80, 20)"
---






┌Next step  (1/1)──────────────────────────────────────────────────────────────┐
│How should the work continue?                                                 │
│  Continue  Use the proposed approach                                         │
│> 自己输入  在下方输入框中回答                                                │
│> Keep the user draft                                                         │
│Submitting…                                                                   │
│                                                                              │
└──────────────────────────────────────────────────────────────────────────────┘

────────────────────────────────────────────────────────────────────────────────
> chat draft stays here
────────────────────────────────────────────────────────────────────────────────

  Waiting for the request result
