---
source: zeta-code/tui/src/app/mode_tests.rs
expression: render(&app)
---
  ≡ .               [+]      [— / —] [Dashboard]  
                                                  
  ╭────────────────────────────────────────────╮  
  │                                            │  
  │  Zeta Code v0.1.0                          │  
  │  Resume session                            │  
  │  Dashboard                                 │  
  │  Settings                                  │  
  │  Help and shortcuts                        │  
  ╰────────────────────────────────────────────╯  
  ⏸ ask permissions on                            
  ╭────────────────────────────────────────────╮  
  │ >                                          │  
  ╰────────────────────────── Automatic model ─╯  
                                                  
  Enter send  ·  Tab actions  ·  / commands
