---
source: zeta-code/tui/src/app/mode_tests.rs
expression: render(&app)
---
  ≡ .                        [— / —] [Dashboard]  
                                                  
  ┌── Fullscreen detail ───────────────────[✗]─┐  
  │                                            │  
  │  Text: full detail                         │  
  │                                            │  
  │                                            │  
  │                                            │  
  │                                            │  
  │                                            │  
  │                                            │  
  │                                            │  
  │  ↑/↓ scroll  ·  Esc to close               │  
  └────────────────────────────────────────────┘
