---
source: zeta-code/tui/src/app/mode_tests.rs
expression: render(&app)
---
                                                  
    ▄  ▄     Zeta Code v0.1.0                     
  ▗█▛██▜█▖   Automatic model · Access unknown     
  ▝▜████▛▘   .                                    
    ▝  ▘                                          
                                                  
                                                  
                                                  
                                                  
                                                  
                                                  
                                                  
                                                  
Loading conversation…                             
  Preview · first session · read only             
  Esc to close
