---
source: zeta-code/tui/src/app/session_manager_tests.rs
expression: render(&app)
---
  ≡ .                                                                          [— / —] [Dashboard]

> Idle (1)
  Archived (0)























  ╭──────────────────────────────────────────────────────────────────────────────────────────────╮
  │ > Build anything                                                                             │
  ╰──────────────────────────────────────────────────────────────────────────── Automatic model ─╯

  Enter to expand · Esc to return to input
