---
source: zeta-code/tui/src/app/session_manager_tests.rs
assertion_line: 139
expression: render(&app)
---
● Conversation message 07: content stays readable in preview.

● Conversation message 08: content stays readable in preview.

● Conversation message 09: content stays readable in preview.

● Conversation message 10: content stays readable in preview.

● Conversation message 11: content stays readable in preview.

● Conversation message 12: content stays readable in preview.

● Conversation message 13: content stays readable in preview.

● Conversation message 14: content stays readable in preview.

● Conversation message 15: content stays readable in preview.

● Conversation message 16: content stays readable in preview.

● Conversation message 17: content stays readable in preview.

● Conversation message 18: content stays readable in preview.

● Conversation message 19: content stays readable in preview.

● Conversation message 20: content stays readable in preview.

                                      Jump to bottom (click) ↓

  Preview · Snapshot session · read only
  ↑↓/jk to scroll · Home/End to jump · Esc to close
