---
source: zeta-code/tui/src/app/frame_tests.rs
expression: rendered
---
                                                                                
  Zeta Code v0.1.0                                                              
  Automatic model · Access unknown                                              
  .                                                                             
                                                                                
─ Status ───────────────────────────────────────────────────────────────────────
                                                                                
   Session    Processes                                                         
  Model:                    openai/gpt                                          
  Full context window:      100,000 tokens                                      
  Available context window: 90,000 tokens                                       
  Remaining context window: 80,000 tokens (88.8%)                               
  Model calls:              0                                                   
  Input tokens:             0 tokens                                            
  Cached input:             0 tokens                                            
  Cached input share:       unknown                                             
  Cache writes:             0 tokens                                            
  Output tokens:            0 tokens                                            
                                                                                
  Tab to switch · Esc to close
