---
source: zeta-code/tui/src/app/frame_tests.rs
expression: rendered_after_paste
---
                                                                                
   ▐▖  ▗▌    Zeta Code v0.1.0                                                   
   ▗█▄▄█▖    Automatic model · Access unknown                                   
  ▗█▝██▘█▖   .                                                                  
   ▜▌  ▐▛                                                                       
   ▝    ▘                                                                       
                                                                                
                                                                                
                                                                                
                                                                                
                                                                                
                                                                                
                                                                                
                                                                                
                                                                                
────────────────────────────────────────────────────────────────────────────────
> [Image #1]                                                                    
────────────────────────────────────────────────────────────────────────────────
                                                                                
  ⏸ ask permissions on
