---
source: zeta-code/tui/src/app/session_manager_tests.rs
assertion_line: 49
expression: render(&app)
---
    ▄  ▄     Zeta Code v0.1.0
  ▗█▛██▜█▖   Automatic model · Access unknown
  ▝▜████▛▘   .
    ▝  ▘


Idle (1)
> ○ Snapshot session
Archived (0)


















────────────────────────────────────────────────────────────────────────────────────────────────────
>
────────────────────────────────────────────────────────────────────────────────────────────────────

  Enter to open · Space to preview · Ctrl+X to archive · i to details
