---
source: zeta-code/tui/src/app/welcome_view_tests.rs
expression: frames
---
idle
................
................
..BB........BB..
....BB....BB....
..BBBBBBBBBBBB..
..BBBBBBBBBBBB..
BBBBBBBBBBBBBBBB
..BBBBBBBBBBBB..
................
................
................
................
................
................
................
................

press
................
..BB........BB..
....BB....BB....
..BBBBBBBBBBBB..
..BBKKBBBBKKBB..
BBBBKKBBBBKKBBBB
BBBBBBBBBBBBBBBB
..BBBBBBBBBBBB..
...BB......BB...
...BB......BB...
................
................
................
................
................
................

rise
..BB........BB..
..BB........BB..
....BB....BB....
..BBBBBBBBBBBB..
..BBKKBBBBKKBB..
BBBBKKBBBBKKBBBB
BBBBBBBBBBBBBBBB
..BBBBBBBBBBBB..
...BB......BB...
................
................
................
................
................
................
................

land
................
..BB........BB..
....BB....BB....
..BBBBBBBBBBBB..
..BBBBBBBBBBBB..
BBBBKKBBBBKKBBBB
BBBBBBBBBBBBBBBB
..BBBBBBBBBBBB..
...BB......BB...
...BB......BB...
................
................
................
................
................
................
