---
source: zeta-code/tui/src/app/session_manager_tests.rs
expression: render(&app)
---
  Home  .

> Idle (1)
  Archived (0)






















  ╭────────────────────────────────────────────────────────────────────────────────────────────────╮
> │                                                                                                │
  ╰────────────────────────────────────────────────────────────────────────────── Automatic model ─╯


  Enter to expand · Esc to return to input
