---
source: zeta-code/tui/src/app/session_manager_tests.rs
assertion_line: 118
expression: render(&app)
---

    ▄  ▄     Zeta Code v0.1.0
  ▗█▛██▜█▖   Automatic model · Access unknown
  ▝▜████▛▘   .
    ▝  ▘
























Loading conversation…
  Preview · Snapshot session · read only
  ↑↓/jk to scroll · Home/End to jump · Esc to close
