---
source: zeta-code/tui/src/app/mode_tests.rs
expression: render(&app)
---
  Home  .                                         
                                                  
● focus message 05                                
                                                  
● focus message 06                                
                                                  
● focus message 07                                
                                                  
             Jump to bottom (click) ↓             
                                                  
  ╭──────────────────────────────────────────────╮
> │x                                             │
  ╰──────────────────────────── Automatic model ─╯
                                                  
  ⏸ ask permissions on                            
  Enter send  ·  shift+tab permissions  ·  /home
