---
source: zeta-code/tui/src/app/frame_tests.rs
assertion_line: 131
expression: rendered
---
                                                                                
   ▜▙▄▄▄▟▛    Zeta Code v0.1.0                                                  
  ▄█▖▌█▌▗█▄   Automatic model · Access unknown                                  
   ▜█▀▀▀█▛    .                                                                 
                                                                                
                                                                                
                                                                                
                                                                                
                                                                                
                                                                                
                                                                                
                                                                                
                                                                                
                                                                                
                                          image in clipboard · ctrl+v to paste  
────────────────────────────────────────────────────────────────────────────────
>                                                                               
────────────────────────────────────────────────────────────────────────────────
                                                                                
  ⏸ ask permissions on
