---
source: zeta-code/tui/src/app/session_manager_tests.rs
assertion_line: 228
expression: render(&app)
---
    ▄  ▄     Zeta Code v0.1.0
  ▗█▛██▜█▖   Automatic model · Access unknown
  ▝▜████▛▘   .
    ▝  ▘


Idle (1)
  ○ Snapshot session
Archived (1)
> ○ Archived chat

















────────────────────────────────────────────────────────────────────────────────────────────────────
>
────────────────────────────────────────────────────────────────────────────────────────────────────

  Enter to restore · Space to preview · Ctrl+X to delete · i to details
