---
source: zeta-code/tui/src/app/session_manager_tests.rs
expression: render(&app)
---

   ▐▖  ▗▌    Zeta Code v0.1.0
   ▗█▄▄█▖    Automatic model · Access unknown
  ▗█▝██▘█▖   .
   ▜▌  ▐▛
   ▝    ▘




















                                                                                      ← for agents
────────────────────────────────────────────────────────────────────────────────────────────────────
>
────────────────────────────────────────────────────────────────────────────────────────────────────

  ⏸ ask permissions on
