---
source: zeta-code/tui/src/app/frame_tests.rs
assertion_line: 2038
expression: working
---
                                                                                
    ▄  ▄     Zeta Code v0.1.0                                                   
  ▗█▛██▜█▖   Automatic model · Access unknown                                   
  ▝▜████▛▘   .                                                                  
    ▝  ▘                                                                        
                                                                                
                                                                                
                                                                                
                                                                                
                                                                                
                                                                                
                                                                                
                                                                                
⠋ Working · 0m 00s total · ctrl+c to interrupt                                  
                                                               Copied 42 chars  
────────────────────────────────────────────────────────────────────────────────
>                                                                               
────────────────────────────────────────────────────────────────────────────────
                                                                                
  ⏸ ask permissions on
