---
source: zeta-code/tui/src/app/welcome_view_tests.rs
expression: "pet_pixel_map(super::pet::sprite())"
---
................
................
..BB........BB..
....BB....BB....
..BBBBBBBBBBBB..
..BBBBBBBBBBBB..
BBBBBBBBBBBBBBBB
..BBBBBBBBBBBB..
................
................
................
................
................
................
................
................
