---
source: zeta-code/tui/src/app/mode_tests.rs
expression: render(&app)
---
  Home  .                                         
                                                  
  ┌── Fullscreen detail ───────────────────[×]─┐  
  │                                            │  
  │  Text: full detail                         │  
  │                                            │  
  │                                            │  
  │                                            │  
  │                                            │  
  │                                            │  
  │                                            │─╮
> │                                            │ │
  │  ↑/↓ scroll  ·  Esc to close               │─╯
  └────────────────────────────────────────────┘
