---
source: zeta-code/tui/src/app/session_manager_tests.rs
expression: render(&app)
---
  Home  .
























                                                                                      ← for agents
  ╭────────────────────────────────────────────────────────────────────────────────────────────────╮
> │                                                                                                │
  ╰────────────────────────────────────────────────────────────────────────────── Automatic model ─╯

  ⏸ ask permissions on
  Enter send  ·  shift+tab permissions  ·  /home
