---
source: zeta-code/tui/src/app/frame_tests.rs
assertion_line: 1065
expression: "render(&app, 80, 20)"
---
                                                                                
                                                                                
                                                                                
                                                                                
                                                                                
                                                                                
                                                                                
                                                                                
                                                                                
                                                                                
                                                                                
                                                                                
─ Startup ──────────────────────────────────────────────────────────────────────
                                                                                
> Mode  ·  New                                                                  
  Workspace  ·  .                                                               
  Profile  ·  default                                                           
  Connection  ·  Local App Server                                               
                                                                                
  Esc to close
