---
source: zeta-code/cli/tests/support/tui_process.rs
expression: screen
---
❯ /resume thread:session-<ID>
└─ Resumed session thread:session-<ID> on thread
thread:session-<ID>.























                                                                                shift+tab to cycle
────────────────────────────────────────────────────────────────────────────────────────────────────
❯
────────────────────────────────────────────────────────────────────────────────────────────────────
  zeta-real-scenario                                                                      ← agents
  ⏸ ask permissions on
