---
source: zeta-code/tui/src/widgets/overlay_tests.rs
assertion_line: 86
expression: terminal.backend()
---
"underlying text underlying text underlying text underlying text underlying text underlying text underlying text underlyi"
"                                                                                                                        "
"  Output──────────────────────────────────────────────────────────────────────────────────────────────────────────────  "
"  stdout: done                                                                                                          "
"                                                                                                                        "
"                                                                                                                        "
"                                                                                                                        "
"  ↑↓/jk to scroll · Home/End to jump · Esc to close                                                                     "
