---
source: ash-code/cli/tests/support/tui_process.rs
expression: screen
---
  <FIXTURE…>                                      …                            [— / —] [Dashboard]

> start a session before permission bypass

● BYPASS-SETUP-DONE

> 请直接创建 permission-bypassed.txt

● Ran write_file

● 权限确认已绕过。文件直接写入完成。















  ▶ bypass permissions on                                                shift+tab to cycle policy
  ╭──────────────────────────────────────────────────────────────────────────────────────────────╮
  │ >                                                                                            │
  ╰────────────────────────────────────────────────────────────────────────── ash-real-scenario ─╯

  Enter send  ·  shift+tab permissions  ·  /home
