---
source: zeta-code/cli/tests/support/tui_process.rs
expression: screen
---
> 请创建 approved-by-tui.txt

● Ran write_file

● 工具已获批准并执行。文件写入完成。





















                                                                         shift+tab to cycle policy
────────────────────────────────────────────────────────────────────────────────────────────────────
>
────────────────────────────────────────────────────────────────────────────────────────────────────
  zeta-real-scenario                                                                      ← agents
  ⏸ ask permissions on
