---
source: zeta-code/cli/tests/support/tui_process.rs
expression: screen
---
❯ 请创建 approved-by-tui.txt

● Ran write_file
└─ write_file [call-approve]
   {
     "path": "approved-by-tui.txt",
     "content": "approved through the real TUI\n"
   }
   wrote approved-by-tui.txt
   view full

● 工具已获批准并执行。文件写入完成。
















────────────────────────────────────────────────────────────────────────────────────────────────────
❯
────────────────────────────────────────────────────────────────────────────────────────────────────
  ↑↓ select · space expand · enter details · esc input
