---
source: zeta-code/cli/tests/support/tui_process.rs
expression: screen
---
> 请直接创建 permission-bypassed.txt

● Ran write_file

● 权限确认已绕过。文件直接写入完成。





















                                                                         shift+tab to cycle policy
────────────────────────────────────────────────────────────────────────────────────────────────────
>
────────────────────────────────────────────────────────────────────────────────────────────────────
  zeta-real-scenario                                                                      ← agents
  ▶ bypass permissions on
