---
source: zeta-code/cli/tests/support/tui_process.rs
expression: screen
---
❯ 请直接创建 permission-bypassed.txt

● Ran write_file
└─ write_file [call-bypass]
   {
     "path": "permission-bypassed.txt",
     "content": "written with permission bypass\n"
   }
   wrote permission-bypassed.txt
   view full

● 权限确认已绕过。文件直接写入完成。
















────────────────────────────────────────────────────────────────────────────────────────────────────
❯
────────────────────────────────────────────────────────────────────────────────────────────────────
  ↑↓ select · space expand · enter details · esc input
