---
source: zeta-code/cli/tests/support/tui_process.rs
expression: screen
---
❯ 尝试在工作区外创建 sandbox-must-not-write.txt

● Thought

● shell-command failed

● 沙盒拒绝了越界写入，目标文件没有生成。



















                                                                                shift+tab to cycle
────────────────────────────────────────────────────────────────────────────────────────────────────
❯
────────────────────────────────────────────────────────────────────────────────────────────────────
  zeta-real-scenario                                                                      ← agents
  ▶ bypass permissions on
