---
source: zeta-code/cli/tests/support/tui_process.rs
expression: screen
---
> 尝试在工作区外创建 sandbox-must-not-write.txt

● Thought
└─ 先在受限进程中尝试写入工作区外部。
   再根据进程结果确认目录边界是否生效。

● shell-command failed

● 沙盒拒绝了越界写入，目标文件没有生成。



















────────────────────────────────────────────────────────────────────────────────────────────────────
>
────────────────────────────────────────────────────────────────────────────────────────────────────
  ↑↓ select · space expand · enter details · esc input
