---
source: zeta-code/tui/src/app/inline/frame_tests.rs
assertion_line: 178
expression: "text(&render(&app, 100, 32))"
---
                                                                                                    
────────────────────────────────────────────────────────────────────────────────────────────────────
>                                                                                                   
────────────────────────────────────────────────────────────────────────────────────────────────────
                                                                                                    
  ⏸ ask permissions on
