---
source: zeta-code/tui/src/issues/assignment_tests.rs
assertion_line: 76
expression: text
---
─ Review issue assignments ─────────────────────────────────────────────────────────────────────────
                                                                                                    
  3 workers · 100000 tokens · base aaaaaaaaaaaa → develop                                           
  @ / automatic Agent · PullRequest · Linked                                                        
  Scope:  · APIs:  · resources:                                                                     
  Acceptance: Affected behavior passes                                                              
  Validation:                                                                                       
  Issue dependencies contain a cycle                                                                
  > item-5                                                                                          
    Objective: Fix 3                                                                                
    Agent:                                                                                          
    Acceptance conditions (separate with ;): Affected behavior passes                               
  > Depends on work items:                                                                          
    Expected paths:                                                                                 
    Shared interfaces:                                                                              
    Shared resources:
